
> bytspot-beta@0.1.0 test:e2e
> node -e "const fs=require('fs'); fs.rmSync('test-results/chromium',{recursive:true,force:true});" && node ./node_modules/vite/bin/vite.js build && node ./node_modules/@playwright/test/cli.js test --project=chromium --output=test-results/chromium --reporter=line

[36mvite v6.3.5 [32mbuilding for production...[36m[39m
transforming...
[32m✓[39m 2819 modules transformed.
[33mGenerated an empty chunk: "vendor-react".[39m
rendering chunks...
computing gzip size...
[2mdist/[22m[32mindex.html                                   [39m[1m[2m  2.28 kB[22m[1m[22m[2m │ gzip:   0.95 kB[22m
[2mdist/[22m[35massets/MapSection-CIGW-MKW.css               [39m[1m[2m 15.61 kB[22m[1m[22m[2m │ gzip:   6.46 kB[22m
[2mdist/[22m[35massets/index-CV7luH4v.css                    [39m[1m[2m173.43 kB[22m[1m[22m[2m │ gzip:  18.80 kB[22m
[2mdist/[22m[36massets/vendor-react-l0sNRNKZ.js              [39m[1m[2m  0.00 kB[22m[1m[22m[2m │ gzip:   0.02 kB[22m
[2mdist/[22m[36massets/vendor-radix-BQ1ilq64.js              [39m[1m[2m  0.08 kB[22m[1m[22m[2m │ gzip:   0.08 kB[22m
[2mdist/[22m[36massets/index-Dq8SGA4A.js                     [39m[1m[2m  0.12 kB[22m[1m[22m[2m │ gzip:   0.12 kB[22m
[2mdist/[22m[36massets/index-PtL15U2Y.js                     [39m[1m[2m  0.34 kB[22m[1m[22m[2m │ gzip:   0.25 kB[22m
[2mdist/[22m[36massets/index-WB4Xotq1.js                     [39m[1m[2m  0.36 kB[22m[1m[22m[2m │ gzip:   0.25 kB[22m
[2mdist/[22m[36massets/index-CsNDs0Tz.js                     [39m[1m[2m  0.49 kB[22m[1m[22m[2m │ gzip:   0.32 kB[22m
[2mdist/[22m[36massets/web-BWVxNC9Y.js                       [39m[1m[2m  0.77 kB[22m[1m[22m[2m │ gzip:   0.36 kB[22m
[2mdist/[22m[36massets/web-DviNPiya.js                       [39m[1m[2m  0.78 kB[22m[1m[22m[2m │ gzip:   0.36 kB[22m
[2mdist/[22m[36massets/Disclaimer-BNsPqS7_.js                [39m[1m[2m  4.37 kB[22m[1m[22m[2m │ gzip:   1.82 kB[22m
[2mdist/[22m[36massets/PasswordRecoveryScreen-A-jyCKX_.js    [39m[1m[2m  4.96 kB[22m[1m[22m[2m │ gzip:   1.85 kB[22m
[2mdist/[22m[36massets/PrivacyPolicy-ssYTmzQK.js             [39m[1m[2m  5.72 kB[22m[1m[22m[2m │ gzip:   2.26 kB[22m
[2mdist/[22m[36massets/TermsOfService-Cjr5_Dx3.js            [39m[1m[2m  6.40 kB[22m[1m[22m[2m │ gzip:   2.64 kB[22m
[2mdist/[22m[36massets/RideSelection-BadEcZ9f.js             [39m[1m[2m  6.52 kB[22m[1m[22m[2m │ gzip:   2.05 kB[22m
[2mdist/[22m[36massets/AuthenticationFlow-g7hTih3m.js        [39m[1m[2m  7.13 kB[22m[1m[22m[2m │ gzip:   2.39 kB[22m
[2mdist/[22m[36massets/ProviderPremiumGate-CMwkUa8R.js       [39m[1m[2m  7.53 kB[22m[1m[22m[2m │ gzip:   2.85 kB[22m
[2mdist/[22m[36massets/index-BRQMjpGH.js                     [39m[1m[2m  8.45 kB[22m[1m[22m[2m │ gzip:   3.45 kB[22m
[2mdist/[22m[36massets/ProviderLanding-DZpF8-9x.js           [39m[1m[2m 10.81 kB[22m[1m[22m[2m │ gzip:   3.71 kB[22m
[2mdist/[22m[36massets/LocationSettings-DOPiQCjt.js          [39m[1m[2m 15.74 kB[22m[1m[22m[2m │ gzip:   3.79 kB[22m
[2mdist/[22m[36massets/AdminDashboard-BIoOBY6_.js            [39m[1m[2m 16.08 kB[22m[1m[22m[2m │ gzip:   5.40 kB[22m
[2mdist/[22m[36massets/vendor-trpc-BNf-ntkb.js               [39m[1m[2m 21.71 kB[22m[1m[22m[2m │ gzip:   6.46 kB[22m
[2mdist/[22m[36massets/ParkingReservationFlow-H8v8Opy3.js    [39m[1m[2m 27.88 kB[22m[1m[22m[2m │ gzip:   5.49 kB[22m
[2mdist/[22m[36massets/DiscoverSection-Bq7ZaETD.js           [39m[1m[2m 29.03 kB[22m[1m[22m[2m │ gzip:   8.72 kB[22m
[2mdist/[22m[36massets/PrintableMarketingAssets-C0elFmmO.js  [39m[1m[2m 35.51 kB[22m[1m[22m[2m │ gzip:  10.57 kB[22m
[2mdist/[22m[36massets/ValetFlow-B-zlK3gN.js                 [39m[1m[2m 49.07 kB[22m[1m[22m[2m │ gzip:   9.49 kB[22m
[2mdist/[22m[36massets/vendor-icons-Zbn41-vW.js              [39m[1m[2m 55.91 kB[22m[1m[22m[2m │ gzip:  11.46 kB[22m
[2mdist/[22m[36massets/ValetApp-BKo_gXeH.js                  [39m[1m[2m 85.68 kB[22m[1m[22m[2m │ gzip:  16.82 kB[22m
[2mdist/[22m[36massets/vendor-motion-BzrofvKK.js             [39m[1m[2m137.64 kB[22m[1m[22m[2m │ gzip:  45.86 kB[22m
[2mdist/[22m[36massets/vendor-gmaps-C00ZDX04.js              [39m[1m[2m152.74 kB[22m[1m[22m[2m │ gzip:  33.97 kB[22m
[2mdist/[22m[36massets/ProfileSection-CSuOOQp0.js            [39m[1m[2m163.20 kB[22m[1m[22m[2m │ gzip:  27.22 kB[22m
[2mdist/[22m[36massets/HostApp-CPMpRore.js                   [39m[1m[2m191.82 kB[22m[1m[22m[2m │ gzip:  38.77 kB[22m
[2mdist/[22m[36massets/MapSection-DcmW0SKn.js                [39m[1m[2m259.89 kB[22m[1m[22m[2m │ gzip:  71.98 kB[22m
[2mdist/[22m[36massets/index-pvyQ1PAj.js                     [39m[1m[2m264.14 kB[22m[1m[22m[2m │ gzip:  74.40 kB[22m
[2mdist/[22m[36massets/vendor-recharts-CH48spBN.js           [39m[1m[2m511.01 kB[22m[1m[22m[2m │ gzip: 147.96 kB[22m
[32m✓ built in 9.34s[39m

Running 51 tests using 7 workers

[1A[2K[1/51] [chromium] › e2e\real-auth.spec.ts:12:5 › real signup, logout, and login reaches main app
[1A[2K[2/51] [chromium] › e2e\password-recovery.spec.ts:8:7 › password recovery routes › login screen links to the forgot-password route
[1A[2K[3/51] [chromium] › e2e\vendor-onboarding.spec.ts:182:7 › Vendor Stripe Connect onboarding › shows not connected payout state and starts Stripe onboarding with vendor display name
[1A[2K[4/51] [chromium] › e2e\loyalty-checkout.spec.ts:189:7 › Loyalty subscription checkout proof › Insider premium teaser sends points and coupon payload
[1A[2K[5/51] [chromium] › e2e\ai-transparency.spec.ts:140:5 › AI Transparency notice opens from the filter-bar sparkle and dismisses cleanly
[1A[2K[6/51] [chromium] › e2e\navigation.spec.ts:133:7 › App Navigation Flow › Splash → Landing → Guest Auth → Home loads correctly
[1A[2K[7/51] [chromium] › e2e\provider-landing.spec.ts:57:7 › Provider landing route › renders responsive iPhone and iPad layouts without overflow
[1A[2K[8/51] [chromium] › e2e\perks-gating.spec.ts:275:7 › Member Perks gating on Verified venues › Guest sees locked teaser and tapping it opens the PremiumTeaserSheet
[1A[2K[9/51] [chromium] › e2e\vendor-onboarding.spec.ts:203:7 › Vendor Stripe Connect onboarding › syncs active Stripe return state and displays payouts enabled
[1A[2K[10/51] [chromium] › e2e\provider-landing.spec.ts:95:9 › Provider landing route › /provider renders the Provider shell at 393px
[1A[2K[11/51] [chromium] › e2e\password-recovery.spec.ts:23:7 › password recovery routes › forgot-password form posts to /auth/forgot and shows generic success
[1A[2K[12/51] [chromium] › e2e\provider-landing.spec.ts:95:9 › Provider landing route › /vendor renders the Provider shell at 393px
[1A[2K[13/51] [chromium] › e2e\password-recovery.spec.ts:42:7 › password recovery routes › hash reset-password route posts token and password to /auth/reset
[1A[2K[14/51] [chromium] › e2e\vendor-onboarding.spec.ts:212:7 › Vendor Stripe Connect onboarding › shows action required when Stripe payouts are disabled
[1A[2K[15/51] [chromium] › e2e\provider-landing.spec.ts:120:7 › Provider landing route › keyboard arrow navigation moves selection through role tiles
[1A[2K[16/51] [chromium] › e2e\password-recovery.spec.ts:59:7 › password recovery routes › reset-password route validates matching passwords before calling API
[1A[2K[17/51] [chromium] › e2e\vendor-onboarding.spec.ts:221:7 › Vendor Stripe Connect onboarding › curates dashboard navigation for manager cottage businesses
[1A[2K[18/51] [chromium] › e2e\navigation.spec.ts:146:7 › App Navigation Flow › Home → Venue card → VenueDetails → Navigate → Map tab
[1A[2K[19/51] [chromium] › e2e\vendor-service-booking.spec.ts:156:5 › vendor service discovery cards all render as active and interactable
[1A[2K[20/51] [chromium] › e2e\virtual-patch-visual-demo.spec.ts:257:5 › visual demo: Verified Vibe map to scanner to My Access
[1A[2K[21/51] [chromium] › e2e\vendor-onboarding.spec.ts:235:7 › Vendor Stripe Connect onboarding › limits staff to operational dashboard without revenue visibility
[1A[2K[22/51] [chromium] › e2e\perks-gating.spec.ts:304:7 › Member Perks gating on Verified venues › Premium subscriber sees "MEMBER PERKS · ACTIVE" inline (no teaser)
[1A[2K[23/51] [chromium] › e2e\provider-landing.spec.ts:137:7 › Provider landing route › clicking Start CTA navigates to /provider/onboarding and persists the selected role
[1A[2K[24/51] [chromium] › e2e\loyalty-checkout.spec.ts:212:7 › Loyalty subscription checkout proof › Provider Premium gate sends ecosystem upgrade checkout payload
[1A[2K[25/51] [chromium] › e2e\vendor-onboarding.spec.ts:249:7 › Vendor Stripe Connect onboarding › lets owners edit live vendor service metadata from My Listings
[1A[2K[26/51] [chromium] › e2e\provider-landing.spec.ts:152:7 › Provider landing route › runs the selected Provider role through full onboarding with state preserved and Stripe Connect started
[1A[2K[27/51] [chromium] › e2e\vendor-onboarding.spec.ts:273:7 › Vendor Stripe Connect onboarding › settings role and business mode controls refresh dashboard access immediately
[1A[2K[28/51] [chromium] › e2e\virtual-patch.spec.ts:55:7 › Virtual Patch › parses QR and native NFC payload helpers
[1A[2K[29/51] [chromium] › e2e\virtual-patch.spec.ts:94:7 › Virtual Patch › verified virtual patch appears in Profile → My Access
[1A[2K[30/51] [chromium] › e2e\perks-gating.spec.ts:316:7 › Member Perks gating on Verified venues › Upgrade CTA invokes subscription.createCheckout and redirects to Stripe
[1A[2K[31/51] [chromium] › e2e\vendor-onboarding.spec.ts:295:7 › Vendor Stripe Connect onboarding › Patches dashboard links a new patch to a live service from inventory
[1A[2K[32/51] [chromium] › e2e\navigation.spec.ts:184:7 › App Navigation Flow › Discover tab → Venue → Navigate → Map tab
[1A[2K[33/51] [chromium] › e2e\vendor-onboarding.spec.ts:345:7 › Provider calendar empty-state ladder › shows the unauth empty state when the dashboard loads with a beta_guest token
[1A[2K[34/51] [chromium] › e2e\vendor-service-booking.spec.ts:178:5 › standard API cards remain in the default Discover swipe deck
[1A[2K[35/51] [chromium] › e2e\provider-landing.spec.ts:243:7 › Provider landing route › shows approved provider dashboard state when mandatory metadata and Stripe Connect are active
[1A[2K[36/51] [chromium] › e2e\vendor-onboarding.spec.ts:357:7 › Provider calendar empty-state ladder › shows the no-services empty state when the vendor has not published any services
[1A[2K[37/51] [chromium] › e2e\perks-gating.spec.ts:370:7 › Member Perks gating on Verified venues › Mid-session downgrade: perks block flips to locked teaser after subscription lapses
[1A[2K[38/51] [chromium] › e2e\provider-landing.spec.ts:260:7 › Provider landing route › back-to-Parker control is announced for screen readers
[1A[2K[39/51] [chromium] › e2e\vendor-onboarding.spec.ts:369:7 › Provider calendar empty-state ladder › shows the no-bookings empty state when services exist but the booking feed is empty
[1A[2K[40/51] [chromium] › e2e\vendor-service-booking.spec.ts:191:5 › vendor service discovery card starts booking checkout
[1A[2K[41/51] [chromium] › e2e\vendor-onboarding.spec.ts:382:7 › Provider calendar empty-state ladder › renders live bookings, day markers, and selected-date rows when the booking feed has data
[1A[2K[42/51] [chromium] › e2e\navigation.spec.ts:232:7 › App Navigation Flow › Discover tab → paid venue → mock checkout → ticket confirmed
[1A[2K[43/51] [chromium] › e2e\vendor-service-booking.spec.ts:208:5 › guest vendor service booking prompts sign in instead of calling checkout
[1A[2K[44/51] [chromium] › e2e\perks-gating.spec.ts:402:7 › Member Perks gating on Verified venues › Non-Verified venue: neither active perks nor locked teaser render in the peek card
[1A[2K[45/51] [chromium] › e2e\vendor-service-booking.spec.ts:231:5 › marketplace booking return screens show transaction metadata
[1A[2K[46/51] [chromium] › e2e\virtual-patch-visual-demo.spec.ts:317:5 › visual demo: NFC fallback switches to QR and still verifies into My Access
[1A[2K[47/51] [chromium] › e2e\navigation.spec.ts:288:7 › App Navigation Flow › Tab navigation works for all tabs
[1A[2K[48/51] [chromium] › e2e\navigation.spec.ts:300:7 › App Navigation Flow › App Review controls respond on iPad viewport
[1A[2K[49/51] [chromium] › e2e\navigation.spec.ts:334:7 › App Navigation Flow › Provider route lets vendors select a role and enter onboarding
[1A[2K[50/51] [chromium] › e2e\navigation.spec.ts:350:7 › App Navigation Flow › DEBUG: Check mock data flow
[1A[2K[chromium] › e2e\navigation.spec.ts:350:7 › App Navigation Flow › DEBUG: Check mock data flow
PAGE TEXT (first 1500 chars): 66°
10:17 PM
246
ATL
12 spots nearby
Peak hours
8 for you

Good evening · Midtown is live tonight 🔥

Search for
premium parking
...
✨ TONIGHT'S PICK
AI Pick
🍸
The Rooftop Bar

123 Peachtree St NE

🟠 Lively
🌙

66°

Clear

Weather-smart parking · Atlanta

LIVE
6 mph

Good conditions for parking, walking, and exploring nearby.

Quick Actions
Find Parking

Live spots near you

Nearby

What's around

Book a Ride

Uber & Lyft

Explore Venues

Discover

What's Happening Tonight
Atlanta
🎷
$25

Jazz & Blues Night

City Winery Atlanta

8:00 PM

$25
🌃
Free

Rooftop Thursdays

Ponce City Market

7:00 PM

FREE
🍺
$5 drafts

Happy Hour Specials

Stats Brewpub

4–7 PM

$5 drafts
😂
$15

Stand-Up Comedy

Laughing Skull Lounge

9:30 PM

$15
🎨
Free

Art Walk Midtown

MOCA GA

6:00 PM

FREE
🥂
$45

Sunday Brunch Party

The Optimist

11:00 AM

$45
Right Now in Atlanta
Live
🍸
The Rooftop Bar
🟠 Lively
$22

~10m wait

🍽️
Midtown Grill
🟡 Moderate

~5m wait

🔥 Trending Now
Live crowd
🍸
The Rooftop Bar
🔴 Lively
🍽️
Midtown Grill
🔴 Moderate
What are you looking for tonight?
For You
Dining
Nightlife
Coffee
Shopping
Fitness
Entertainment
Nearby
Live
Colony Square Garage

0.2 mi nearby

14 spots
1380 W Peachtree Garage

0.4 mi nearby

22 spots
Midtown Place Parking

0.5 mi nearby

0 spots
Home
Discover
Map
Concierge
💬

[1A[2KHas Rooftop Bar: [33mtrue[39m Has Midtown Grill: [33mtrue[39m

[1A[2KHas error text: [33mfalse[39m

[1A[2K[51/51] [chromium] › e2e\navigation.spec.ts:371:7 › App Navigation Flow › Map tab activates when Map button clicked
[1A[2K  1 skipped
  50 passed (1.7m)
